// Jest Snapshot v1, https://goo.gl/fbAQLP

exports[`Use legacy api should render a HTML file 1`] = `
"<html>
<body>
  Rendered with:&nbsp;
  <code>[
    {
      \\"route\\": \\"/\\",
      \\"extra\\": \\"extra-value\\",
      \\"assets\\": {
        \\"main\\": \\"client-main-2951ae76c7e3fa46fad4.js\\"
      }
    }
  ]</code>
</body>
</html>"
`;
