// Jest Snapshot v1, https://goo.gl/fbAQLP

exports[`Render WebpackStats should render a with asset names 1`] = `
Object {
  "index.html": "{
  \\"assets\\": {
    \\"main\\": \\"client-main-2951ae76c7e3fa46fad4.js\\"
  }
}",
}
`;
